{
  "version": "1.5.0",
  "plugins_used": [
    {
      "name": "ArtifactoryDetector"
    },
    {
      "name": "AWSKeyDetector"
    },
    {
      "name": "AzureStorageKeyDetector"
    },
    {
      "name": "Base64HighEntropyString",
      "limit": 4.5
    },
    {
      "name": "BasicAuthDetector"
    },
    {
      "name": "CloudantDetector"
    },
    {
      "name": "DiscordBotTokenDetector"
    },
    {
      "name": "GitHubTokenDetector"
    },
    {
      "name": "GitLabTokenDetector"
    },
    {
      "name": "HexHighEntropyString",
      "limit": 3.0
    },
    {
      "name": "IbmCloudIamDetector"
    },
    {
      "name": "IbmCosHmacDetector"
    },
    {
      "name": "IPPublicDetector"
    },
    {
      "name": "JwtTokenDetector"
    },
    {
      "name": "KeywordDetector",
      "keyword_exclude": ""
    },
    {
      "name": "MailchimpDetector"
    },
    {
      "name": "NpmDetector"
    },
    {
      "name": "OpenAIDetector"
    },
    {
      "name": "PrivateKeyDetector"
    },
    {
      "name": "PypiTokenDetector"
    },
    {
      "name": "SendGridDetector"
    },
    {
      "name": "SlackDetector"
    },
    {
      "name": "SoftlayerDetector"
    },
    {
      "name": "SquareOAuthDetector"
    },
    {
      "name": "StripeDetector"
    },
    {
      "name": "TelegramBotTokenDetector"
    },
    {
      "name": "TwilioKeyDetector"
    }
  ],
  "filters_used": [
    {
      "path": "detect_secrets.filters.allowlist.is_line_allowlisted"
    },
    {
      "path": "detect_secrets.filters.common.is_baseline_file",
      "filename": ".secrets.baseline"
    },
    {
      "path": "detect_secrets.filters.common.is_ignored_due_to_verification_policies",
      "min_level": 2
    },
    {
      "path": "detect_secrets.filters.heuristic.is_indirect_reference"
    },
    {
      "path": "detect_secrets.filters.heuristic.is_likely_id_string"
    },
    {
      "path": "detect_secrets.filters.heuristic.is_lock_file"
    },
    {
      "path": "detect_secrets.filters.heuristic.is_not_alphanumeric_string"
    },
    {
      "path": "detect_secrets.filters.heuristic.is_potential_uuid"
    },
    {
      "path": "detect_secrets.filters.heuristic.is_prefixed_with_dollar_sign"
    },
    {
      "path": "detect_secrets.filters.heuristic.is_sequential_string"
    },
    {
      "path": "detect_secrets.filters.heuristic.is_swagger_file"
    },
    {
      "path": "detect_secrets.filters.heuristic.is_templated_secret"
    }
  ],
  "results": {
    "TASK.md": [
      {
        "type": "Secret Keyword",
        "filename": "TASK.md",
        "hashed_secret": "52ccf30045453624f80d541cd3be419546ee15f0",
        "is_verified": false,
        "line_number": 143,
        "is_secret": false
      }
    ],
    "docs/tasks/completed/DOC-F2-STATUS.md": [
      {
        "type": "Hex High Entropy String",
        "filename": "docs/tasks/completed/DOC-F2-STATUS.md",
        "hashed_secret": "d0c70b8ef7a6fe839baaadb422891483a675a461",
        "is_verified": false,
        "line_number": 36,
        "is_secret": false
      }
    ],
    "docs/tasks/completed/DOC-TASK-LEDGER.md": [
      {
        "type": "Hex High Entropy String",
        "filename": "docs/tasks/completed/DOC-TASK-LEDGER.md",
        "hashed_secret": "d22ffdd9c8c8a4b1257b949aeb563a4a2527f2bb",
        "is_verified": false,
        "line_number": 34,
        "is_secret": false
      }
    ],
    "docs/tasks/completed/F0.1.md": [
      {
        "type": "Hex High Entropy String",
        "filename": "docs/tasks/completed/F0.1.md",
        "hashed_secret": "ed0280bbb72d64183dc68ae37a1ee9cc33344aef",
        "is_verified": false,
        "line_number": 57,
        "is_secret": false
      }
    ],
    "docs/tasks/completed/F0.3.md": [
      {
        "type": "Hex High Entropy String",
        "filename": "docs/tasks/completed/F0.3.md",
        "hashed_secret": "04e1142ceaf8676b0f19fba0d9be1f76fee10403",
        "is_verified": false,
        "line_number": 63,
        "is_secret": false
      }
    ],
    "docs/tasks/completed/F0.4.md": [
      {
        "type": "Hex High Entropy String",
        "filename": "docs/tasks/completed/F0.4.md",
        "hashed_secret": "b75e12e66d6e3d53f8f06025a492a92464c0e91f",
        "is_verified": false,
        "line_number": 55,
        "is_secret": false
      }
    ],
    "docs/tasks/completed/F0.5.md": [
      {
        "type": "Hex High Entropy String",
        "filename": "docs/tasks/completed/F0.5.md",
        "hashed_secret": "88680302675f464749294913d8cf1361e881af5d",
        "is_verified": false,
        "line_number": 77,
        "is_secret": false
      }
    ],
    "docs/tasks/completed/F0.6.md": [
      {
        "type": "Hex High Entropy String",
        "filename": "docs/tasks/completed/F0.6.md",
        "hashed_secret": "df033e0b091efc064245c51a3636651e9c448d29",
        "is_verified": false,
        "line_number": 64,
        "is_secret": false
      }
    ],
    "docs/tasks/completed/F1.1.md": [
      {
        "type": "Hex High Entropy String",
        "filename": "docs/tasks/completed/F1.1.md",
        "hashed_secret": "0ff9b6016cd15a1a745c6349c39bc686118a86f3",
        "is_verified": false,
        "line_number": 79,
        "is_secret": false
      }
    ],
    "docs/tasks/completed/F1.2.md": [
      {
        "type": "Hex High Entropy String",
        "filename": "docs/tasks/completed/F1.2.md",
        "hashed_secret": "2ddb3773dc0c22149eb1302c49643f44c06fc8e0",
        "is_verified": false,
        "line_number": 81,
        "is_secret": false
      }
    ],
    "docs/tasks/completed/F1.3.md": [
      {
        "type": "Hex High Entropy String",
        "filename": "docs/tasks/completed/F1.3.md",
        "hashed_secret": "1b64604dfb9f217bd05f6d8d7f5316b88c47242d",
        "is_verified": false,
        "line_number": 88,
        "is_secret": false
      }
    ],
    "docs/tasks/completed/F1.4.md": [
      {
        "type": "Hex High Entropy String",
        "filename": "docs/tasks/completed/F1.4.md",
        "hashed_secret": "7e401be3a9561b79166a77988cd2cc826bf2ed86",
        "is_verified": false,
        "line_number": 79,
        "is_secret": false
      }
    ],
    "docs/tasks/completed/F1.5.md": [
      {
        "type": "Hex High Entropy String",
        "filename": "docs/tasks/completed/F1.5.md",
        "hashed_secret": "fbe883ad4b013af3bfc8ad7c50da785b5bd3881a",
        "is_verified": false,
        "line_number": 102,
        "is_secret": false
      }
    ],
    "docs/tasks/completed/F2.1.md": [
      {
        "type": "Hex High Entropy String",
        "filename": "docs/tasks/completed/F2.1.md",
        "hashed_secret": "5d32d05ad37d0d60d31616773e2d74846bb62204",
        "is_verified": false,
        "line_number": 114,
        "is_secret": false
      }
    ],
    "docs/tasks/completed/F2.2.md": [
      {
        "type": "Hex High Entropy String",
        "filename": "docs/tasks/completed/F2.2.md",
        "hashed_secret": "837b9989f4270808010cb138d7f6a3a6b3f8740b",
        "is_verified": false,
        "line_number": 168,
        "is_secret": false
      },
      {
        "type": "Hex High Entropy String",
        "filename": "docs/tasks/completed/F2.2.md",
        "hashed_secret": "3cdc116c8401c4795fd6279313a28505bf24e141",
        "is_verified": false,
        "line_number": 327,
        "is_secret": false
      }
    ],
    "docs/tasks/completed/F2.3.md": [
      {
        "type": "Hex High Entropy String",
        "filename": "docs/tasks/completed/F2.3.md",
        "hashed_secret": "8d87116cd5c1909b3c8447aeffa9f8186818277c",
        "is_verified": false,
        "line_number": 174,
        "is_secret": false
      }
    ],
    "docs/tasks/completed/F2.4.md": [
      {
        "type": "Hex High Entropy String",
        "filename": "docs/tasks/completed/F2.4.md",
        "hashed_secret": "22ded2f8bda587e65d1d130fadac011adea7fb87",
        "is_verified": false,
        "line_number": 212,
        "is_secret": false
      }
    ],
    "docs/tasks/completed/F2.5.md": [
      {
        "type": "Hex High Entropy String",
        "filename": "docs/tasks/completed/F2.5.md",
        "hashed_secret": "f813dd4914b572f56de7a30d761520f3d4ae854a",
        "is_verified": false,
        "line_number": 172,
        "is_secret": false
      }
    ],
    "docs/tasks/completed/F2.6.md": [
      {
        "type": "Hex High Entropy String",
        "filename": "docs/tasks/completed/F2.6.md",
        "hashed_secret": "f2aec3c4287f4c0251091e4609547e7f60ba94f3",
        "is_verified": false,
        "line_number": 137,
        "is_secret": false
      }
    ],
    "docs/tasks/completed/F3.4.md": [
      {
        "type": "Hex High Entropy String",
        "filename": "docs/tasks/completed/F3.4.md",
        "hashed_secret": "2e245d98023bf5a8886a42c268c698ec83b0cdff",
        "is_verified": false,
        "line_number": 31,
        "is_secret": false
      }
    ],
    "docs/tasks/completed/F3.5.md": [
      {
        "type": "Hex High Entropy String",
        "filename": "docs/tasks/completed/F3.5.md",
        "hashed_secret": "497fc81e660fcfad2fd485562634ba6c2c01c90e",
        "is_verified": false,
        "line_number": 32,
        "is_secret": false
      }
    ],
    "docs/tasks/completed/F3.6.md": [
      {
        "type": "Hex High Entropy String",
        "filename": "docs/tasks/completed/F3.6.md",
        "hashed_secret": "2b92f3e1c7cb1b59019c6af43dbf1790ea0afb92",
        "is_verified": false,
        "line_number": 29,
        "is_secret": false
      }
    ],
    "docs/tasks/completed/F3.8.md": [
      {
        "type": "Hex High Entropy String",
        "filename": "docs/tasks/completed/F3.8.md",
        "hashed_secret": "0ceac25d92b3771cf24bd0a702ad87fe0527475d",
        "is_verified": false,
        "line_number": 35,
        "is_secret": false
      }
    ],
    "docs/tasks/completed/F3.C2.md": [
      {
        "type": "Hex High Entropy String",
        "filename": "docs/tasks/completed/F3.C2.md",
        "hashed_secret": "6b72678a6db8a26f6b3aa95c3821fce8d53fb26d",
        "is_verified": false,
        "line_number": 30,
        "is_secret": false
      }
    ],
    "docs/tasks/completed/F4.1.md": [
      {
        "type": "Hex High Entropy String",
        "filename": "docs/tasks/completed/F4.1.md",
        "hashed_secret": "44e197037ea0a4c0258a9001fb054f78a983d1e3",
        "is_verified": false,
        "line_number": 32,
        "is_secret": false
      },
      {
        "type": "Hex High Entropy String",
        "filename": "docs/tasks/completed/F4.1.md",
        "hashed_secret": "42606aaf792e7f191ee80bef6d72b762718e0c93",
        "is_verified": false,
        "line_number": 295,
        "is_secret": false
      },
      {
        "type": "Hex High Entropy String",
        "filename": "docs/tasks/completed/F4.1.md",
        "hashed_secret": "22cef79b4e874f14597abea587d93074fa872017",
        "is_verified": false,
        "line_number": 300,
        "is_secret": false
      }
    ],
    "docs/tasks/migration-manifest.json": [
      {
        "type": "Hex High Entropy String",
        "filename": "docs/tasks/migration-manifest.json",
        "hashed_secret": "97e12377bd3fb3353dc75e21b3ed30d360242c9e",
        "is_verified": false,
        "line_number": 5,
        "is_secret": false
      },
      {
        "type": "Hex High Entropy String",
        "filename": "docs/tasks/migration-manifest.json",
        "hashed_secret": "e25b6eb5b7237ed83d437839e5b2a4fb00aa9a2b",
        "is_verified": false,
        "line_number": 11,
        "is_secret": false
      },
      {
        "type": "Hex High Entropy String",
        "filename": "docs/tasks/migration-manifest.json",
        "hashed_secret": "96902904fbddc43da07cdecf08cb762a14b424cc",
        "is_verified": false,
        "line_number": 17,
        "is_secret": false
      },
      {
        "type": "Hex High Entropy String",
        "filename": "docs/tasks/migration-manifest.json",
        "hashed_secret": "d06626a9c1b495f615dfd6d1070e34beda24b737",
        "is_verified": false,
        "line_number": 23,
        "is_secret": false
      },
      {
        "type": "Hex High Entropy String",
        "filename": "docs/tasks/migration-manifest.json",
        "hashed_secret": "b7dedbe6450f8b2dcee125bcfd3a0912ec9f4303",
        "is_verified": false,
        "line_number": 29,
        "is_secret": false
      },
      {
        "type": "Hex High Entropy String",
        "filename": "docs/tasks/migration-manifest.json",
        "hashed_secret": "e07d91c258c9e38599df85c5603e7ac7a237301d",
        "is_verified": false,
        "line_number": 35,
        "is_secret": false
      },
      {
        "type": "Hex High Entropy String",
        "filename": "docs/tasks/migration-manifest.json",
        "hashed_secret": "0601f4e0d8af69b44df91109dd5057aa5e9c7072",
        "is_verified": false,
        "line_number": 41,
        "is_secret": false
      },
      {
        "type": "Hex High Entropy String",
        "filename": "docs/tasks/migration-manifest.json",
        "hashed_secret": "a8a861409fc4176440852248e49a3dea78dc72d3",
        "is_verified": false,
        "line_number": 47,
        "is_secret": false
      },
      {
        "type": "Hex High Entropy String",
        "filename": "docs/tasks/migration-manifest.json",
        "hashed_secret": "35e962f942daf29459b356d5c6c15a537064b067",
        "is_verified": false,
        "line_number": 53,
        "is_secret": false
      },
      {
        "type": "Hex High Entropy String",
        "filename": "docs/tasks/migration-manifest.json",
        "hashed_secret": "e8d46ebd1914f29f97ba0bbf738ace00b20fcd69",
        "is_verified": false,
        "line_number": 59,
        "is_secret": false
      },
      {
        "type": "Hex High Entropy String",
        "filename": "docs/tasks/migration-manifest.json",
        "hashed_secret": "edc7433826940c026d67075741bd184d247a2c95",
        "is_verified": false,
        "line_number": 65,
        "is_secret": false
      },
      {
        "type": "Hex High Entropy String",
        "filename": "docs/tasks/migration-manifest.json",
        "hashed_secret": "2d0feb6f388cc253405e76313feb3b43eb410bc1",
        "is_verified": false,
        "line_number": 71,
        "is_secret": false
      },
      {
        "type": "Hex High Entropy String",
        "filename": "docs/tasks/migration-manifest.json",
        "hashed_secret": "5652f3789cbcb43204fba69b382145cfdd19df52",
        "is_verified": false,
        "line_number": 77,
        "is_secret": false
      },
      {
        "type": "Hex High Entropy String",
        "filename": "docs/tasks/migration-manifest.json",
        "hashed_secret": "f6148b031b43a1267d7a9249420beff49adcc4de",
        "is_verified": false,
        "line_number": 83,
        "is_secret": false
      },
      {
        "type": "Hex High Entropy String",
        "filename": "docs/tasks/migration-manifest.json",
        "hashed_secret": "944dd7df7cf4ddba9e05e51b6cbe03663fe7449c",
        "is_verified": false,
        "line_number": 89,
        "is_secret": false
      },
      {
        "type": "Hex High Entropy String",
        "filename": "docs/tasks/migration-manifest.json",
        "hashed_secret": "27de3f04b953fd01f33ac9b7a42123e340de4a74",
        "is_verified": false,
        "line_number": 95,
        "is_secret": false
      },
      {
        "type": "Hex High Entropy String",
        "filename": "docs/tasks/migration-manifest.json",
        "hashed_secret": "d399713ce1b1e13efa2b70de8a3652fcd1a35a46",
        "is_verified": false,
        "line_number": 101,
        "is_secret": false
      },
      {
        "type": "Hex High Entropy String",
        "filename": "docs/tasks/migration-manifest.json",
        "hashed_secret": "bb3f6e179dd233bb16d5690a3ba62887039f638d",
        "is_verified": false,
        "line_number": 107,
        "is_secret": false
      },
      {
        "type": "Hex High Entropy String",
        "filename": "docs/tasks/migration-manifest.json",
        "hashed_secret": "4157409471b2cec53b22edba58b62bc314b1e033",
        "is_verified": false,
        "line_number": 113,
        "is_secret": false
      },
      {
        "type": "Hex High Entropy String",
        "filename": "docs/tasks/migration-manifest.json",
        "hashed_secret": "d22ffdd9c8c8a4b1257b949aeb563a4a2527f2bb",
        "is_verified": false,
        "line_number": 124,
        "is_secret": false
      },
      {
        "type": "Hex High Entropy String",
        "filename": "docs/tasks/migration-manifest.json",
        "hashed_secret": "5581d7dfb1c97ebeefcf2ff5a9c5324ee3d8132d",
        "is_verified": false,
        "line_number": 127,
        "is_secret": false
      }
    ],
    "src/ai_engineering_harness/defaults/profiles/default.yaml": [
      {
        "type": "Secret Keyword",
        "filename": "src/ai_engineering_harness/defaults/profiles/default.yaml",
        "hashed_secret": "02ecb94373bfb3dfe827ca18409f50b016e8302a",
        "is_verified": false,
        "line_number": 15,
        "is_secret": false
      },
      {
        "type": "Secret Keyword",
        "filename": "src/ai_engineering_harness/defaults/profiles/default.yaml",
        "hashed_secret": "f8ca0d7266886f4b5be9adddc9b66017b3bf1a4b",
        "is_verified": false,
        "line_number": 19,
        "is_secret": false
      }
    ],
    "tests/e2e/test_retry_context.py": [
      {
        "type": "Secret Keyword",
        "filename": "tests/e2e/test_retry_context.py",
        "hashed_secret": "9e4e78dc21003ff85d7c7f15340ccbecf0b02e09",
        "is_verified": false,
        "line_number": 31,
        "is_secret": false
      }
    ],
    "tests/e2e/test_secret_redaction.py": [
      {
        "type": "Secret Keyword",
        "filename": "tests/e2e/test_secret_redaction.py",
        "hashed_secret": "d52015c83dc97b948c5e1cd902143797945b37cb",
        "is_verified": false,
        "line_number": 31,
        "is_secret": false
      },
      {
        "type": "Secret Keyword",
        "filename": "tests/e2e/test_secret_redaction.py",
        "hashed_secret": "cbd44be05316ff67b4cdbb7d14791e494624626a",
        "is_verified": false,
        "line_number": 32,
        "is_secret": false
      }
    ],
    "tests/unit/test_audit.py": [
      {
        "type": "Secret Keyword",
        "filename": "tests/unit/test_audit.py",
        "hashed_secret": "899aeb3b036c4d2625660452faae9992abf7e775",
        "is_verified": false,
        "line_number": 181,
        "is_secret": false
      }
    ],
    "tests/unit/test_ci_workflow.py": [
      {
        "type": "Hex High Entropy String",
        "filename": "tests/unit/test_ci_workflow.py",
        "hashed_secret": "4f4e7173c9ad6894df1c43f50a09014c75df6c0d",
        "is_verified": false,
        "line_number": 12,
        "is_secret": false
      },
      {
        "type": "Hex High Entropy String",
        "filename": "tests/unit/test_ci_workflow.py",
        "hashed_secret": "9f19e3c33ed119820e0a83bdee6c7a0d9c6a935b",
        "is_verified": false,
        "line_number": 13,
        "is_secret": false
      },
      {
        "type": "Hex High Entropy String",
        "filename": "tests/unit/test_ci_workflow.py",
        "hashed_secret": "acc14fc720c2c4dc50dc81155307044e044f53b0",
        "is_verified": false,
        "line_number": 14,
        "is_secret": false
      }
    ],
    "tests/unit/test_config.py": [
      {
        "type": "Secret Keyword",
        "filename": "tests/unit/test_config.py",
        "hashed_secret": "a697ac932bf0da6b9b4f25b6966784dc0e22325f",
        "is_verified": false,
        "line_number": 164,
        "is_secret": false
      },
      {
        "type": "Secret Keyword",
        "filename": "tests/unit/test_config.py",
        "hashed_secret": "02ecb94373bfb3dfe827ca18409f50b016e8302a",
        "is_verified": false,
        "line_number": 209,
        "is_secret": false
      }
    ],
    "tests/unit/test_doctor.py": [
      {
        "type": "Secret Keyword",
        "filename": "tests/unit/test_doctor.py",
        "hashed_secret": "78a8030fa9ba26e781948dda0f19059feb04ffcb",
        "is_verified": false,
        "line_number": 99,
        "is_secret": false
      }
    ],
    "tests/unit/test_documentation.py": [
      {
        "type": "Hex High Entropy String",
        "filename": "tests/unit/test_documentation.py",
        "hashed_secret": "eab65381e62b98ae769435d308be99766c4c19ac",
        "is_verified": false,
        "line_number": 259,
        "is_secret": false
      },
      {
        "type": "Hex High Entropy String",
        "filename": "tests/unit/test_documentation.py",
        "hashed_secret": "d59fd6f1553d506373867218c82d279a1ccc98e8",
        "is_verified": false,
        "line_number": 264,
        "is_secret": false
      },
      {
        "type": "Hex High Entropy String",
        "filename": "tests/unit/test_documentation.py",
        "hashed_secret": "dd6f6712f64028fda599aca4b1c1af47c1aaf1a3",
        "is_verified": false,
        "line_number": 269,
        "is_secret": false
      },
      {
        "type": "Hex High Entropy String",
        "filename": "tests/unit/test_documentation.py",
        "hashed_secret": "ffe2fa2d07bd4c7178124c2a6293bf137752843c",
        "is_verified": false,
        "line_number": 273,
        "is_secret": false
      },
      {
        "type": "Hex High Entropy String",
        "filename": "tests/unit/test_documentation.py",
        "hashed_secret": "2b82856f06bd2f67f6dd49527e8b1c8495da3c30",
        "is_verified": false,
        "line_number": 274,
        "is_secret": false
      },
      {
        "type": "Hex High Entropy String",
        "filename": "tests/unit/test_documentation.py",
        "hashed_secret": "37cb6428d1e8a76617bb967034a4655f7aa07931",
        "is_verified": false,
        "line_number": 278,
        "is_secret": false
      },
      {
        "type": "Hex High Entropy String",
        "filename": "tests/unit/test_documentation.py",
        "hashed_secret": "bf56247f6bd3bdd9965905ea38e6e0148aa0efca",
        "is_verified": false,
        "line_number": 280,
        "is_secret": false
      },
      {
        "type": "Hex High Entropy String",
        "filename": "tests/unit/test_documentation.py",
        "hashed_secret": "39b78d9717dc1b62f71370cfd49781d0072ace6a",
        "is_verified": false,
        "line_number": 289,
        "is_secret": false
      },
      {
        "type": "Hex High Entropy String",
        "filename": "tests/unit/test_documentation.py",
        "hashed_secret": "e9756e6c9bf0c8c53da6a6ef7002a8dc17d5f982",
        "is_verified": false,
        "line_number": 292,
        "is_secret": false
      },
      {
        "type": "Hex High Entropy String",
        "filename": "tests/unit/test_documentation.py",
        "hashed_secret": "e71e679ff9d0f994fff3427ec29c62344a0950e4",
        "is_verified": false,
        "line_number": 295,
        "is_secret": false
      },
      {
        "type": "Hex High Entropy String",
        "filename": "tests/unit/test_documentation.py",
        "hashed_secret": "e9722a213b055560e87e6d400e9df5900309f4d2",
        "is_verified": false,
        "line_number": 299,
        "is_secret": false
      },
      {
        "type": "Hex High Entropy String",
        "filename": "tests/unit/test_documentation.py",
        "hashed_secret": "6b52633621b4f54ea9a44715449d7bfd49aeafae",
        "is_verified": false,
        "line_number": 301,
        "is_secret": false
      },
      {
        "type": "Hex High Entropy String",
        "filename": "tests/unit/test_documentation.py",
        "hashed_secret": "d611fbbe61ca11ea2a4da27cefa334cec5dbc8c5",
        "is_verified": false,
        "line_number": 308,
        "is_secret": false
      },
      {
        "type": "Hex High Entropy String",
        "filename": "tests/unit/test_documentation.py",
        "hashed_secret": "b54e1a0ae26b3e6fd28ac1885fab679f55cd5f39",
        "is_verified": false,
        "line_number": 312,
        "is_secret": false
      },
      {
        "type": "Hex High Entropy String",
        "filename": "tests/unit/test_documentation.py",
        "hashed_secret": "855a7f25374ed62a8e5376af9c3f3f714e0a75e0",
        "is_verified": false,
        "line_number": 314,
        "is_secret": false
      },
      {
        "type": "Hex High Entropy String",
        "filename": "tests/unit/test_documentation.py",
        "hashed_secret": "579a681fed6536a0e83b6b3ed0e9f9266f89bdcc",
        "is_verified": false,
        "line_number": 317,
        "is_secret": false
      },
      {
        "type": "Hex High Entropy String",
        "filename": "tests/unit/test_documentation.py",
        "hashed_secret": "5a1e81fa26ebe70f4500637f490dbe343aeb0f04",
        "is_verified": false,
        "line_number": 319,
        "is_secret": false
      },
      {
        "type": "Hex High Entropy String",
        "filename": "tests/unit/test_documentation.py",
        "hashed_secret": "d93dc8c8f8b2bee9e5abf65e230fa08b805fce1e",
        "is_verified": false,
        "line_number": 321,
        "is_secret": false
      },
      {
        "type": "Hex High Entropy String",
        "filename": "tests/unit/test_documentation.py",
        "hashed_secret": "fd3d93372ac5a6552b4415760ffef5f81a56535d",
        "is_verified": false,
        "line_number": 329,
        "is_secret": false
      },
      {
        "type": "Hex High Entropy String",
        "filename": "tests/unit/test_documentation.py",
        "hashed_secret": "125a0baf45053c52e4481c699281c4f415e71e81",
        "is_verified": false,
        "line_number": 335,
        "is_secret": false
      },
      {
        "type": "Hex High Entropy String",
        "filename": "tests/unit/test_documentation.py",
        "hashed_secret": "464c5a25205730fc731471b0dadd555fe340c698",
        "is_verified": false,
        "line_number": 338,
        "is_secret": false
      },
      {
        "type": "Hex High Entropy String",
        "filename": "tests/unit/test_documentation.py",
        "hashed_secret": "0ab2eb3d2e633ee5159a8f9b9fb9cd0757704beb",
        "is_verified": false,
        "line_number": 340,
        "is_secret": false
      },
      {
        "type": "Hex High Entropy String",
        "filename": "tests/unit/test_documentation.py",
        "hashed_secret": "0d6dc6b4db005538e4c62681857f930e310b925d",
        "is_verified": false,
        "line_number": 342,
        "is_secret": false
      },
      {
        "type": "Hex High Entropy String",
        "filename": "tests/unit/test_documentation.py",
        "hashed_secret": "65eb9027ba69e15aec23330c45f31ee786668012",
        "is_verified": false,
        "line_number": 346,
        "is_secret": false
      },
      {
        "type": "Hex High Entropy String",
        "filename": "tests/unit/test_documentation.py",
        "hashed_secret": "9fb3e82369b8f37dcb174f68eddd256d815d1d0a",
        "is_verified": false,
        "line_number": 348,
        "is_secret": false
      },
      {
        "type": "Hex High Entropy String",
        "filename": "tests/unit/test_documentation.py",
        "hashed_secret": "93dace54a4d30a5eb6ba850ec43fc2aa7f647364",
        "is_verified": false,
        "line_number": 351,
        "is_secret": false
      },
      {
        "type": "Hex High Entropy String",
        "filename": "tests/unit/test_documentation.py",
        "hashed_secret": "c64a3bf30b026247cadb7bbebbb1bddbe83bc9cf",
        "is_verified": false,
        "line_number": 353,
        "is_secret": false
      },
      {
        "type": "Hex High Entropy String",
        "filename": "tests/unit/test_documentation.py",
        "hashed_secret": "eb439ffac858de5c6faf0426038aad67598b5962",
        "is_verified": false,
        "line_number": 355,
        "is_secret": false
      },
      {
        "type": "Hex High Entropy String",
        "filename": "tests/unit/test_documentation.py",
        "hashed_secret": "e8a94ead34bf35543063fdcc93e43fafdff64cf2",
        "is_verified": false,
        "line_number": 358,
        "is_secret": false
      },
      {
        "type": "Hex High Entropy String",
        "filename": "tests/unit/test_documentation.py",
        "hashed_secret": "c152a165e2033f683df1ddd6db17b3647fa50f7d",
        "is_verified": false,
        "line_number": 360,
        "is_secret": false
      },
      {
        "type": "Hex High Entropy String",
        "filename": "tests/unit/test_documentation.py",
        "hashed_secret": "6bca9217f2c4e20f4db98c2fca17a06b1e6aea8b",
        "is_verified": false,
        "line_number": 363,
        "is_secret": false
      },
      {
        "type": "Hex High Entropy String",
        "filename": "tests/unit/test_documentation.py",
        "hashed_secret": "e2cc5b40435f559be03366d106a817f3210aa2f5",
        "is_verified": false,
        "line_number": 365,
        "is_secret": false
      },
      {
        "type": "Hex High Entropy String",
        "filename": "tests/unit/test_documentation.py",
        "hashed_secret": "68e366fc69305854c90d5083b49626284f47ef15",
        "is_verified": false,
        "line_number": 367,
        "is_secret": false
      },
      {
        "type": "Hex High Entropy String",
        "filename": "tests/unit/test_documentation.py",
        "hashed_secret": "029140212863af2a782f788ac255cee97ec34d28",
        "is_verified": false,
        "line_number": 370,
        "is_secret": false
      },
      {
        "type": "Hex High Entropy String",
        "filename": "tests/unit/test_documentation.py",
        "hashed_secret": "e472e1bd30226a515898f9a46f278d4d9dd6c9cf",
        "is_verified": false,
        "line_number": 373,
        "is_secret": false
      },
      {
        "type": "Hex High Entropy String",
        "filename": "tests/unit/test_documentation.py",
        "hashed_secret": "049013d59425cb1d6df0f1df97c1ebcc41c06072",
        "is_verified": false,
        "line_number": 375,
        "is_secret": false
      },
      {
        "type": "Hex High Entropy String",
        "filename": "tests/unit/test_documentation.py",
        "hashed_secret": "7331082b5e5d6fb5b46ccec4cb3c42ba765fe24b",
        "is_verified": false,
        "line_number": 379,
        "is_secret": false
      },
      {
        "type": "Hex High Entropy String",
        "filename": "tests/unit/test_documentation.py",
        "hashed_secret": "1ebbdccef04aa3717d2b836af91b440c50161b1b",
        "is_verified": false,
        "line_number": 381,
        "is_secret": false
      },
      {
        "type": "Hex High Entropy String",
        "filename": "tests/unit/test_documentation.py",
        "hashed_secret": "1c23dbc9f817be4cc799f700e9c21e4a058d81eb",
        "is_verified": false,
        "line_number": 383,
        "is_secret": false
      },
      {
        "type": "Hex High Entropy String",
        "filename": "tests/unit/test_documentation.py",
        "hashed_secret": "5d0e6a036209fb9ff070b75e0a84aeb76857a31a",
        "is_verified": false,
        "line_number": 386,
        "is_secret": false
      },
      {
        "type": "Hex High Entropy String",
        "filename": "tests/unit/test_documentation.py",
        "hashed_secret": "882ca304f813d2699c369f88fad7e50133c53cee",
        "is_verified": false,
        "line_number": 388,
        "is_secret": false
      },
      {
        "type": "Hex High Entropy String",
        "filename": "tests/unit/test_documentation.py",
        "hashed_secret": "638f6738ccc37a1ef4f1cde92ccb13d4f20978eb",
        "is_verified": false,
        "line_number": 391,
        "is_secret": false
      },
      {
        "type": "Hex High Entropy String",
        "filename": "tests/unit/test_documentation.py",
        "hashed_secret": "3a49ebbe26a49837d416a1786169d09b26a07354",
        "is_verified": false,
        "line_number": 395,
        "is_secret": false
      },
      {
        "type": "Hex High Entropy String",
        "filename": "tests/unit/test_documentation.py",
        "hashed_secret": "247254917e57dd0ccf4a7648441ae054ed943965",
        "is_verified": false,
        "line_number": 398,
        "is_secret": false
      },
      {
        "type": "Hex High Entropy String",
        "filename": "tests/unit/test_documentation.py",
        "hashed_secret": "7edd50fa51fc097910d1ef691d9bb20c6097bd75",
        "is_verified": false,
        "line_number": 400,
        "is_secret": false
      },
      {
        "type": "Hex High Entropy String",
        "filename": "tests/unit/test_documentation.py",
        "hashed_secret": "0df1e96655f3dd50be1adfb4e6b67f69727c2bcc",
        "is_verified": false,
        "line_number": 402,
        "is_secret": false
      },
      {
        "type": "Hex High Entropy String",
        "filename": "tests/unit/test_documentation.py",
        "hashed_secret": "5aed2a6a5ee8ff87ab2f7f34bc79c197bc642ccc",
        "is_verified": false,
        "line_number": 416,
        "is_secret": false
      },
      {
        "type": "Hex High Entropy String",
        "filename": "tests/unit/test_documentation.py",
        "hashed_secret": "58506e53aae6e82b585abd10ee475703e9bbf30f",
        "is_verified": false,
        "line_number": 419,
        "is_secret": false
      },
      {
        "type": "Hex High Entropy String",
        "filename": "tests/unit/test_documentation.py",
        "hashed_secret": "2b740caa759246a0ddbd00ee4c17a7c68e3cf3de",
        "is_verified": false,
        "line_number": 422,
        "is_secret": false
      },
      {
        "type": "Hex High Entropy String",
        "filename": "tests/unit/test_documentation.py",
        "hashed_secret": "8e1827c42d226e5c4dd56bae7b9d7dd23648ea3c",
        "is_verified": false,
        "line_number": 429,
        "is_secret": false
      },
      {
        "type": "Hex High Entropy String",
        "filename": "tests/unit/test_documentation.py",
        "hashed_secret": "9512f508024453c29502745e1d300ac605e9162d",
        "is_verified": false,
        "line_number": 433,
        "is_secret": false
      },
      {
        "type": "Hex High Entropy String",
        "filename": "tests/unit/test_documentation.py",
        "hashed_secret": "1ce1d42315f4cec62316a51c065151feb18cd916",
        "is_verified": false,
        "line_number": 448,
        "is_secret": false
      }
    ],
    "tests/unit/test_event_schema.py": [
      {
        "type": "Secret Keyword",
        "filename": "tests/unit/test_event_schema.py",
        "hashed_secret": "cb8ebbdc5365f8f217d409019e9c1a523e27ee3b",
        "is_verified": false,
        "line_number": 137,
        "is_secret": false
      },
      {
        "type": "Secret Keyword",
        "filename": "tests/unit/test_event_schema.py",
        "hashed_secret": "a66d75b94a8250a872111d13e3ac3db9edb3366c",
        "is_verified": false,
        "line_number": 138,
        "is_secret": false
      },
      {
        "type": "Secret Keyword",
        "filename": "tests/unit/test_event_schema.py",
        "hashed_secret": "e92fd3af57259e4edb8b7296e99577f6a9727316",
        "is_verified": false,
        "line_number": 141,
        "is_secret": false
      }
    ],
    "tests/unit/test_execution_lifecycle.py": [
      {
        "type": "Secret Keyword",
        "filename": "tests/unit/test_execution_lifecycle.py",
        "hashed_secret": "756f62592f1373ae818f86592e6a0e588651abc1",
        "is_verified": false,
        "line_number": 331,
        "is_secret": false
      },
      {
        "type": "Secret Keyword",
        "filename": "tests/unit/test_execution_lifecycle.py",
        "hashed_secret": "02ecb94373bfb3dfe827ca18409f50b016e8302a",
        "is_verified": false,
        "line_number": 343,
        "is_secret": false
      },
      {
        "type": "Secret Keyword",
        "filename": "tests/unit/test_execution_lifecycle.py",
        "hashed_secret": "f8a8e4a4a474a7a72cd7184c8ef5e1ddd8abe9d9",
        "is_verified": false,
        "line_number": 378,
        "is_secret": false
      }
    ],
    "tests/unit/test_f7_3_quality_gates.py": [
      {
        "type": "Secret Keyword",
        "filename": "tests/unit/test_f7_3_quality_gates.py",
        "hashed_secret": "2923f6fa36614586ea09b4424b438915cc1b9b67",
        "is_verified": false,
        "line_number": 267,
        "is_secret": false
      }
    ],
    "tests/unit/test_graph_executor.py": [
      {
        "type": "Secret Keyword",
        "filename": "tests/unit/test_graph_executor.py",
        "hashed_secret": "63ce748a1af130897ad0906dbfd836a2043aa3e6",
        "is_verified": false,
        "line_number": 135,
        "is_secret": false
      }
    ],
    "tests/unit/test_model_routing.py": [
      {
        "type": "Secret Keyword",
        "filename": "tests/unit/test_model_routing.py",
        "hashed_secret": "02ecb94373bfb3dfe827ca18409f50b016e8302a",
        "is_verified": false,
        "line_number": 160,
        "is_secret": false
      },
      {
        "type": "Secret Keyword",
        "filename": "tests/unit/test_model_routing.py",
        "hashed_secret": "208338d313395c6fba4fce7fb0256912aa3e0403",
        "is_verified": false,
        "line_number": 168,
        "is_secret": false
      }
    ],
    "tests/unit/test_models.py": [
      {
        "type": "Secret Keyword",
        "filename": "tests/unit/test_models.py",
        "hashed_secret": "225fbee950cde847e824b692d48b4c883c5172db",
        "is_verified": false,
        "line_number": 34,
        "is_secret": false
      }
    ],
    "tests/unit/test_operational_status.py": [
      {
        "type": "Secret Keyword",
        "filename": "tests/unit/test_operational_status.py",
        "hashed_secret": "7ce6ed3727ece51d2219f2bdc7f6db3594dc4d7f",
        "is_verified": false,
        "line_number": 117,
        "is_secret": false
      }
    ],
    "tests/unit/test_secret_redaction.py": [
      {
        "type": "Secret Keyword",
        "filename": "tests/unit/test_secret_redaction.py",
        "hashed_secret": "ed5305ae415ea624d6fe8c9fe0d9841cfee409ee",
        "is_verified": false,
        "line_number": 33,
        "is_secret": false
      },
      {
        "type": "Secret Keyword",
        "filename": "tests/unit/test_secret_redaction.py",
        "hashed_secret": "5f1738ce38e70498a68e68845d3fde1525bd369e",
        "is_verified": false,
        "line_number": 71,
        "is_secret": false
      },
      {
        "type": "Secret Keyword",
        "filename": "tests/unit/test_secret_redaction.py",
        "hashed_secret": "6bf05c7f0bd049246396006d8a9021a2cef7036f",
        "is_verified": false,
        "line_number": 123,
        "is_secret": false
      },
      {
        "type": "Secret Keyword",
        "filename": "tests/unit/test_secret_redaction.py",
        "hashed_secret": "e65cdaae65857cc3e20aab132ee20f3538fc4f90",
        "is_verified": false,
        "line_number": 127,
        "is_secret": false
      },
      {
        "type": "Secret Keyword",
        "filename": "tests/unit/test_secret_redaction.py",
        "hashed_secret": "02ecb94373bfb3dfe827ca18409f50b016e8302a",
        "is_verified": false,
        "line_number": 261,
        "is_secret": false
      },
      {
        "type": "Secret Keyword",
        "filename": "tests/unit/test_secret_redaction.py",
        "hashed_secret": "3f888a5565ddc87f82a4ac955a1610b94951578f",
        "is_verified": false,
        "line_number": 271,
        "is_secret": false
      },
      {
        "type": "Secret Keyword",
        "filename": "tests/unit/test_secret_redaction.py",
        "hashed_secret": "6b8b39ebba0a0f6f1eb6a83cd5d5fa5387460000",
        "is_verified": false,
        "line_number": 272,
        "is_secret": false
      }
    ],
    "tests/unit/test_serena_adapter.py": [
      {
        "type": "Basic Auth Credentials",
        "filename": "tests/unit/test_serena_adapter.py",
        "hashed_secret": "e5e9fa1ba31ecd1ae84f75caaa474f3a663f05f4",
        "is_verified": false,
        "line_number": 104,
        "is_secret": false
      }
    ],
    "tests/unit/test_state_storage.py": [
      {
        "type": "Secret Keyword",
        "filename": "tests/unit/test_state_storage.py",
        "hashed_secret": "aa8d0c2c84161ef3d78087afcfb435cf219a1abe",
        "is_verified": false,
        "line_number": 428,
        "is_secret": false
      }
    ],
    "tests/unit/test_task_ledger.py": [
      {
        "type": "Hex High Entropy String",
        "filename": "tests/unit/test_task_ledger.py",
        "hashed_secret": "d22ffdd9c8c8a4b1257b949aeb563a4a2527f2bb",
        "is_verified": false,
        "line_number": 120,
        "is_secret": false
      },
      {
        "type": "Hex High Entropy String",
        "filename": "tests/unit/test_task_ledger.py",
        "hashed_secret": "5581d7dfb1c97ebeefcf2ff5a9c5324ee3d8132d",
        "is_verified": false,
        "line_number": 123,
        "is_secret": false
      },
      {
        "type": "Hex High Entropy String",
        "filename": "tests/unit/test_task_ledger.py",
        "hashed_secret": "e07856784c78c04519d90d7ac6afe49ad642e2a9",
        "is_verified": false,
        "line_number": 220,
        "is_secret": false
      },
      {
        "type": "Hex High Entropy String",
        "filename": "tests/unit/test_task_ledger.py",
        "hashed_secret": "34e9b5c2798f010f08666dc6771726cfb74c3bdc",
        "is_verified": false,
        "line_number": 230,
        "is_secret": false
      },
      {
        "type": "Hex High Entropy String",
        "filename": "tests/unit/test_task_ledger.py",
        "hashed_secret": "fb8d9c1a35f9f799f7ecd38a74c63183eb3a652c",
        "is_verified": false,
        "line_number": 232,
        "is_secret": false
      },
      {
        "type": "Hex High Entropy String",
        "filename": "tests/unit/test_task_ledger.py",
        "hashed_secret": "27e6cf631fb99d261893687d02e426929e18b97e",
        "is_verified": false,
        "line_number": 235,
        "is_secret": false
      },
      {
        "type": "Hex High Entropy String",
        "filename": "tests/unit/test_task_ledger.py",
        "hashed_secret": "4aed1315c6d4a40ea1852519baae5d077e5189db",
        "is_verified": false,
        "line_number": 240,
        "is_secret": false
      },
      {
        "type": "Hex High Entropy String",
        "filename": "tests/unit/test_task_ledger.py",
        "hashed_secret": "1e2c037d2f27d61a10bcc83ad3aca85024a11919",
        "is_verified": false,
        "line_number": 246,
        "is_secret": false
      },
      {
        "type": "Hex High Entropy String",
        "filename": "tests/unit/test_task_ledger.py",
        "hashed_secret": "ab305abb7dbc604849526d2e32c04c357309ea57",
        "is_verified": false,
        "line_number": 249,
        "is_secret": false
      },
      {
        "type": "Hex High Entropy String",
        "filename": "tests/unit/test_task_ledger.py",
        "hashed_secret": "bc0791c5f5edf9e9d1aa359299ab3e82dc8daabc",
        "is_verified": false,
        "line_number": 251,
        "is_secret": false
      },
      {
        "type": "Hex High Entropy String",
        "filename": "tests/unit/test_task_ledger.py",
        "hashed_secret": "5bc794552a55b16b5eb27d4c30bb7ccf3dc59393",
        "is_verified": false,
        "line_number": 256,
        "is_secret": false
      },
      {
        "type": "Hex High Entropy String",
        "filename": "tests/unit/test_task_ledger.py",
        "hashed_secret": "669895b0272a367d02727f07c3e44c25520da7da",
        "is_verified": false,
        "line_number": 258,
        "is_secret": false
      },
      {
        "type": "Hex High Entropy String",
        "filename": "tests/unit/test_task_ledger.py",
        "hashed_secret": "817f1a759cad9d8530c9565f73bac1a5c39c344e",
        "is_verified": false,
        "line_number": 264,
        "is_secret": false
      },
      {
        "type": "Hex High Entropy String",
        "filename": "tests/unit/test_task_ledger.py",
        "hashed_secret": "e94e5b75694cb80dd26cde860f21b9058c6b2a63",
        "is_verified": false,
        "line_number": 266,
        "is_secret": false
      },
      {
        "type": "Hex High Entropy String",
        "filename": "tests/unit/test_task_ledger.py",
        "hashed_secret": "16a0ee78176df15e3ccb7d3b94e99a157adcc3f0",
        "is_verified": false,
        "line_number": 268,
        "is_secret": false
      },
      {
        "type": "Hex High Entropy String",
        "filename": "tests/unit/test_task_ledger.py",
        "hashed_secret": "27e7e49c894003cccf76e59ccd92d0c028e82331",
        "is_verified": false,
        "line_number": 273,
        "is_secret": false
      },
      {
        "type": "Hex High Entropy String",
        "filename": "tests/unit/test_task_ledger.py",
        "hashed_secret": "1973b83f5448fa86a48444557683670e8052e19c",
        "is_verified": false,
        "line_number": 274,
        "is_secret": false
      },
      {
        "type": "Hex High Entropy String",
        "filename": "tests/unit/test_task_ledger.py",
        "hashed_secret": "22cef79b4e874f14597abea587d93074fa872017",
        "is_verified": false,
        "line_number": 281,
        "is_secret": false
      },
      {
        "type": "Hex High Entropy String",
        "filename": "tests/unit/test_task_ledger.py",
        "hashed_secret": "42606aaf792e7f191ee80bef6d72b762718e0c93",
        "is_verified": false,
        "line_number": 283,
        "is_secret": false
      },
      {
        "type": "Hex High Entropy String",
        "filename": "tests/unit/test_task_ledger.py",
        "hashed_secret": "a01dca91de339abf23d91f5e02f5bb110a49bfa4",
        "is_verified": false,
        "line_number": 289,
        "is_secret": false
      },
      {
        "type": "Hex High Entropy String",
        "filename": "tests/unit/test_task_ledger.py",
        "hashed_secret": "ac1271798553f979c5c88eb6e870da072e6107b4",
        "is_verified": false,
        "line_number": 291,
        "is_secret": false
      },
      {
        "type": "Hex High Entropy String",
        "filename": "tests/unit/test_task_ledger.py",
        "hashed_secret": "3a9b8ee46d38e809d94070d615bd77dc98b07828",
        "is_verified": false,
        "line_number": 295,
        "is_secret": false
      },
      {
        "type": "Hex High Entropy String",
        "filename": "tests/unit/test_task_ledger.py",
        "hashed_secret": "c9dd4649b1c111ecdc319f7d89d3f1db2a4418bd",
        "is_verified": false,
        "line_number": 298,
        "is_secret": false
      },
      {
        "type": "Hex High Entropy String",
        "filename": "tests/unit/test_task_ledger.py",
        "hashed_secret": "edf629a208ec8c2c8d8f64ef48aabe7a2c003443",
        "is_verified": false,
        "line_number": 300,
        "is_secret": false
      },
      {
        "type": "Hex High Entropy String",
        "filename": "tests/unit/test_task_ledger.py",
        "hashed_secret": "9512f508024453c29502745e1d300ac605e9162d",
        "is_verified": false,
        "line_number": 367,
        "is_secret": false
      },
      {
        "type": "Hex High Entropy String",
        "filename": "tests/unit/test_task_ledger.py",
        "hashed_secret": "2b740caa759246a0ddbd00ee4c17a7c68e3cf3de",
        "is_verified": false,
        "line_number": 371,
        "is_secret": false
      },
      {
        "type": "Hex High Entropy String",
        "filename": "tests/unit/test_task_ledger.py",
        "hashed_secret": "f02a0780eb7609188a5a564686a620a1a1fa53c1",
        "is_verified": false,
        "line_number": 380,
        "is_secret": false
      },
      {
        "type": "Hex High Entropy String",
        "filename": "tests/unit/test_task_ledger.py",
        "hashed_secret": "7c9760e42aabf65d9852ca3cff0fe6ed98e59606",
        "is_verified": false,
        "line_number": 381,
        "is_secret": false
      },
      {
        "type": "Hex High Entropy String",
        "filename": "tests/unit/test_task_ledger.py",
        "hashed_secret": "d56115b8a3f0ffe7b2b9b08390e9539337ba76b9",
        "is_verified": false,
        "line_number": 383,
        "is_secret": false
      },
      {
        "type": "Hex High Entropy String",
        "filename": "tests/unit/test_task_ledger.py",
        "hashed_secret": "4eac5110920a67a5733e766bdd7e2c1d80473e19",
        "is_verified": false,
        "line_number": 389,
        "is_secret": false
      },
      {
        "type": "Hex High Entropy String",
        "filename": "tests/unit/test_task_ledger.py",
        "hashed_secret": "3f4a916dc1a801c43052b3f4baab5374a2a38d40",
        "is_verified": false,
        "line_number": 390,
        "is_secret": false
      },
      {
        "type": "Hex High Entropy String",
        "filename": "tests/unit/test_task_ledger.py",
        "hashed_secret": "d1d1326acfac94ad3f45822664b4e243c4326cf4",
        "is_verified": false,
        "line_number": 394,
        "is_secret": false
      },
      {
        "type": "Hex High Entropy String",
        "filename": "tests/unit/test_task_ledger.py",
        "hashed_secret": "bbd9370d096634c9787f2ce19348effd9f80a9f0",
        "is_verified": false,
        "line_number": 415,
        "is_secret": false
      },
      {
        "type": "Hex High Entropy String",
        "filename": "tests/unit/test_task_ledger.py",
        "hashed_secret": "71daf5efba0dd7b603090c00e29952394c6582c7",
        "is_verified": false,
        "line_number": 433,
        "is_secret": false
      },
      {
        "type": "Hex High Entropy String",
        "filename": "tests/unit/test_task_ledger.py",
        "hashed_secret": "7b00018175736d3326fbf9f8cc781766803c2788",
        "is_verified": false,
        "line_number": 456,
        "is_secret": false
      },
      {
        "type": "Hex High Entropy String",
        "filename": "tests/unit/test_task_ledger.py",
        "hashed_secret": "ae438db73366383d81c2d12f1d88a0a1c2e23d3f",
        "is_verified": false,
        "line_number": 457,
        "is_secret": false
      },
      {
        "type": "Hex High Entropy String",
        "filename": "tests/unit/test_task_ledger.py",
        "hashed_secret": "7daa057f552bdbe246ceb58fcdf14b5ba16f78c7",
        "is_verified": false,
        "line_number": 459,
        "is_secret": false
      },
      {
        "type": "Hex High Entropy String",
        "filename": "tests/unit/test_task_ledger.py",
        "hashed_secret": "b3abc2fa9eaa714bf920e9719c893bd406f7a06e",
        "is_verified": false,
        "line_number": 464,
        "is_secret": false
      },
      {
        "type": "Hex High Entropy String",
        "filename": "tests/unit/test_task_ledger.py",
        "hashed_secret": "e5ac587201fc1b88cf57272dbd2b818decc4d47b",
        "is_verified": false,
        "line_number": 476,
        "is_secret": false
      },
      {
        "type": "Hex High Entropy String",
        "filename": "tests/unit/test_task_ledger.py",
        "hashed_secret": "17c0a992509e384c1c8071fc74389d76d23e0aee",
        "is_verified": false,
        "line_number": 482,
        "is_secret": false
      },
      {
        "type": "Hex High Entropy String",
        "filename": "tests/unit/test_task_ledger.py",
        "hashed_secret": "7de51c091cf9e3ef6155757226255466ca668d46",
        "is_verified": false,
        "line_number": 483,
        "is_secret": false
      },
      {
        "type": "Hex High Entropy String",
        "filename": "tests/unit/test_task_ledger.py",
        "hashed_secret": "b995637290b5280c4b6189eec0f921d9dbd3e38b",
        "is_verified": false,
        "line_number": 486,
        "is_secret": false
      },
      {
        "type": "Hex High Entropy String",
        "filename": "tests/unit/test_task_ledger.py",
        "hashed_secret": "e21d5c92d4bd984b75c96c3a3e8501724c9f58a8",
        "is_verified": false,
        "line_number": 493,
        "is_secret": false
      },
      {
        "type": "Hex High Entropy String",
        "filename": "tests/unit/test_task_ledger.py",
        "hashed_secret": "001db0a33d7a5df3a65e73de2cae31ab99f0ac60",
        "is_verified": false,
        "line_number": 494,
        "is_secret": false
      },
      {
        "type": "Hex High Entropy String",
        "filename": "tests/unit/test_task_ledger.py",
        "hashed_secret": "0cc606722672192c6db361f0c1b7cc825ce8b315",
        "is_verified": false,
        "line_number": 496,
        "is_secret": false
      },
      {
        "type": "Hex High Entropy String",
        "filename": "tests/unit/test_task_ledger.py",
        "hashed_secret": "763c430ff723152aeb7794309376445b98da4a27",
        "is_verified": false,
        "line_number": 501,
        "is_secret": false
      },
      {
        "type": "Hex High Entropy String",
        "filename": "tests/unit/test_task_ledger.py",
        "hashed_secret": "9c79459dea777e2c4d76a6a95a5bdefd1e00aaaf",
        "is_verified": false,
        "line_number": 518,
        "is_secret": false
      },
      {
        "type": "Hex High Entropy String",
        "filename": "tests/unit/test_task_ledger.py",
        "hashed_secret": "205bd0697fb99c15623c62871932dfc0fb5c5c93",
        "is_verified": false,
        "line_number": 527,
        "is_secret": false
      },
      {
        "type": "Hex High Entropy String",
        "filename": "tests/unit/test_task_ledger.py",
        "hashed_secret": "258349d538a52f60d51ef053246b921b86552253",
        "is_verified": false,
        "line_number": 529,
        "is_secret": false
      },
      {
        "type": "Hex High Entropy String",
        "filename": "tests/unit/test_task_ledger.py",
        "hashed_secret": "42ef5406d1fd4272f3261739b734a6359ec7be36",
        "is_verified": false,
        "line_number": 531,
        "is_secret": false
      },
      {
        "type": "Hex High Entropy String",
        "filename": "tests/unit/test_task_ledger.py",
        "hashed_secret": "57070cd5e65b88e9174f9e3ff80d62f983ec145a",
        "is_verified": false,
        "line_number": 534,
        "is_secret": false
      },
      {
        "type": "Hex High Entropy String",
        "filename": "tests/unit/test_task_ledger.py",
        "hashed_secret": "dc3299fa17aa696f91b0ba2bf895d1378a8c5e04",
        "is_verified": false,
        "line_number": 566,
        "is_secret": false
      },
      {
        "type": "Hex High Entropy String",
        "filename": "tests/unit/test_task_ledger.py",
        "hashed_secret": "4769d26b48c8aaf8f95b107bc93dfab7f630fecd",
        "is_verified": false,
        "line_number": 570,
        "is_secret": false
      },
      {
        "type": "Hex High Entropy String",
        "filename": "tests/unit/test_task_ledger.py",
        "hashed_secret": "7b0d963fa6fb7b595e5506132265f538c906875e",
        "is_verified": false,
        "line_number": 575,
        "is_secret": false
      },
      {
        "type": "Hex High Entropy String",
        "filename": "tests/unit/test_task_ledger.py",
        "hashed_secret": "45367749c582ab1afef74741a2aed31ae8edbf4b",
        "is_verified": false,
        "line_number": 595,
        "is_secret": false
      },
      {
        "type": "Hex High Entropy String",
        "filename": "tests/unit/test_task_ledger.py",
        "hashed_secret": "d5f62810e09f898a4a2a613ca7ee86c4004c90d9",
        "is_verified": false,
        "line_number": 596,
        "is_secret": false
      },
      {
        "type": "Hex High Entropy String",
        "filename": "tests/unit/test_task_ledger.py",
        "hashed_secret": "8d34d886e5007c8c4b317a65955e1383932e2bdd",
        "is_verified": false,
        "line_number": 597,
        "is_secret": false
      },
      {
        "type": "Hex High Entropy String",
        "filename": "tests/unit/test_task_ledger.py",
        "hashed_secret": "d17afaafb52659add115c662bf99d25b8570efd0",
        "is_verified": false,
        "line_number": 598,
        "is_secret": false
      },
      {
        "type": "Hex High Entropy String",
        "filename": "tests/unit/test_task_ledger.py",
        "hashed_secret": "0b200e4404778bf08147693e6db939b0289efd47",
        "is_verified": false,
        "line_number": 601,
        "is_secret": false
      },
      {
        "type": "Hex High Entropy String",
        "filename": "tests/unit/test_task_ledger.py",
        "hashed_secret": "7c26fff6b1c622b69cfb6e3166e349396c2ddf36",
        "is_verified": false,
        "line_number": 617,
        "is_secret": false
      },
      {
        "type": "Hex High Entropy String",
        "filename": "tests/unit/test_task_ledger.py",
        "hashed_secret": "43cccdd3f8ec889987a0f33b4d5ddade5bc4ff1b",
        "is_verified": false,
        "line_number": 637,
        "is_secret": false
      },
      {
        "type": "Hex High Entropy String",
        "filename": "tests/unit/test_task_ledger.py",
        "hashed_secret": "5eed88db4b485c6e59aef9b8c017b8671707cdf5",
        "is_verified": false,
        "line_number": 659,
        "is_secret": false
      },
      {
        "type": "Hex High Entropy String",
        "filename": "tests/unit/test_task_ledger.py",
        "hashed_secret": "f8f62b15ec48c9e2bd36dc232c7bb2c5f967cf75",
        "is_verified": false,
        "line_number": 666,
        "is_secret": false
      },
      {
        "type": "Hex High Entropy String",
        "filename": "tests/unit/test_task_ledger.py",
        "hashed_secret": "0c4e0659a4e4fec782b3d96ea711b17128fef860",
        "is_verified": false,
        "line_number": 669,
        "is_secret": false
      },
      {
        "type": "Hex High Entropy String",
        "filename": "tests/unit/test_task_ledger.py",
        "hashed_secret": "19c1a47f2b7993d2cda79d85d3b5c8b8c203b117",
        "is_verified": false,
        "line_number": 670,
        "is_secret": false
      },
      {
        "type": "Hex High Entropy String",
        "filename": "tests/unit/test_task_ledger.py",
        "hashed_secret": "d968dac7f54b3e8eb19fac82b0c9253b3b1f2210",
        "is_verified": false,
        "line_number": 672,
        "is_secret": false
      },
      {
        "type": "Hex High Entropy String",
        "filename": "tests/unit/test_task_ledger.py",
        "hashed_secret": "2b8e11798933eeb26edf9ca9af649ad7c9bf3953",
        "is_verified": false,
        "line_number": 676,
        "is_secret": false
      },
      {
        "type": "Hex High Entropy String",
        "filename": "tests/unit/test_task_ledger.py",
        "hashed_secret": "21c706bce711993c9fd7eeb9d4fad9e0564d1374",
        "is_verified": false,
        "line_number": 695,
        "is_secret": false
      },
      {
        "type": "Hex High Entropy String",
        "filename": "tests/unit/test_task_ledger.py",
        "hashed_secret": "cf87ba020f18414757baf43289ff7874f02050a3",
        "is_verified": false,
        "line_number": 696,
        "is_secret": false
      },
      {
        "type": "Hex High Entropy String",
        "filename": "tests/unit/test_task_ledger.py",
        "hashed_secret": "4a70c5f29f6eec834adb1519d291e61c59836577",
        "is_verified": false,
        "line_number": 706,
        "is_secret": false
      },
      {
        "type": "Hex High Entropy String",
        "filename": "tests/unit/test_task_ledger.py",
        "hashed_secret": "1ce1d42315f4cec62316a51c065151feb18cd916",
        "is_verified": false,
        "line_number": 710,
        "is_secret": false
      },
      {
        "type": "Hex High Entropy String",
        "filename": "tests/unit/test_task_ledger.py",
        "hashed_secret": "ad753c2d494a797f4c8335d665009328c668c0a4",
        "is_verified": false,
        "line_number": 737,
        "is_secret": false
      },
      {
        "type": "Hex High Entropy String",
        "filename": "tests/unit/test_task_ledger.py",
        "hashed_secret": "113c195f90de5485273dcc902e1113654520bf98",
        "is_verified": false,
        "line_number": 738,
        "is_secret": false
      },
      {
        "type": "Hex High Entropy String",
        "filename": "tests/unit/test_task_ledger.py",
        "hashed_secret": "b5a0db22bb8b9d744137acb2e1275c3bd2a99840",
        "is_verified": false,
        "line_number": 741,
        "is_secret": false
      },
      {
        "type": "Hex High Entropy String",
        "filename": "tests/unit/test_task_ledger.py",
        "hashed_secret": "e058c94bb2b28750e0710b4c5d76a2b50a721b23",
        "is_verified": false,
        "line_number": 743,
        "is_secret": false
      },
      {
        "type": "Hex High Entropy String",
        "filename": "tests/unit/test_task_ledger.py",
        "hashed_secret": "279c32bcf2be47c1f29d6883518ecd7a6cc35564",
        "is_verified": false,
        "line_number": 749,
        "is_secret": false
      },
      {
        "type": "Hex High Entropy String",
        "filename": "tests/unit/test_task_ledger.py",
        "hashed_secret": "4d3425b838bb65eb266c972b95ff7b07190cd229",
        "is_verified": false,
        "line_number": 782,
        "is_secret": false
      },
      {
        "type": "Hex High Entropy String",
        "filename": "tests/unit/test_task_ledger.py",
        "hashed_secret": "42c64ede3e08f0bbc6a60209d1445827c5b4213e",
        "is_verified": false,
        "line_number": 809,
        "is_secret": false
      },
      {
        "type": "Hex High Entropy String",
        "filename": "tests/unit/test_task_ledger.py",
        "hashed_secret": "f35d4d46181a8d892502e19ddf2f31b866afaaa3",
        "is_verified": false,
        "line_number": 811,
        "is_secret": false
      },
      {
        "type": "Hex High Entropy String",
        "filename": "tests/unit/test_task_ledger.py",
        "hashed_secret": "70d0c07f00d4264073c5f341310a9553f2936805",
        "is_verified": false,
        "line_number": 815,
        "is_secret": false
      },
      {
        "type": "Hex High Entropy String",
        "filename": "tests/unit/test_task_ledger.py",
        "hashed_secret": "b0e3c13d8fb1a1a5474a7f89cdec88904e8239d2",
        "is_verified": false,
        "line_number": 831,
        "is_secret": false
      },
      {
        "type": "Hex High Entropy String",
        "filename": "tests/unit/test_task_ledger.py",
        "hashed_secret": "7633bd946346b4bc1627dd5ef3467bd61d364097",
        "is_verified": false,
        "line_number": 857,
        "is_secret": false
      },
      {
        "type": "Hex High Entropy String",
        "filename": "tests/unit/test_task_ledger.py",
        "hashed_secret": "d4d902e676fe3124a6af75c14693ee8800303743",
        "is_verified": false,
        "line_number": 859,
        "is_secret": false
      },
      {
        "type": "Hex High Entropy String",
        "filename": "tests/unit/test_task_ledger.py",
        "hashed_secret": "050dd541b4ed2496ae91d3432821576d61d78e04",
        "is_verified": false,
        "line_number": 860,
        "is_secret": false
      },
      {
        "type": "Hex High Entropy String",
        "filename": "tests/unit/test_task_ledger.py",
        "hashed_secret": "078937f3d534e7365774f695d357e823bae02902",
        "is_verified": false,
        "line_number": 862,
        "is_secret": false
      },
      {
        "type": "Hex High Entropy String",
        "filename": "tests/unit/test_task_ledger.py",
        "hashed_secret": "1e92905cae3c616bc27684f978df4cb8279a0d81",
        "is_verified": false,
        "line_number": 866,
        "is_secret": false
      },
      {
        "type": "Hex High Entropy String",
        "filename": "tests/unit/test_task_ledger.py",
        "hashed_secret": "8e1827c42d226e5c4dd56bae7b9d7dd23648ea3c",
        "is_verified": false,
        "line_number": 897,
        "is_secret": false
      },
      {
        "type": "Hex High Entropy String",
        "filename": "tests/unit/test_task_ledger.py",
        "hashed_secret": "5839d6ef9955fbd0b9a8ecd25af27619dadfa00c",
        "is_verified": false,
        "line_number": 899,
        "is_secret": false
      },
      {
        "type": "Hex High Entropy String",
        "filename": "tests/unit/test_task_ledger.py",
        "hashed_secret": "4b15d3248906973adc853f55eb12c04eeaf91848",
        "is_verified": false,
        "line_number": 948,
        "is_secret": false
      },
      {
        "type": "Hex High Entropy String",
        "filename": "tests/unit/test_task_ledger.py",
        "hashed_secret": "58506e53aae6e82b585abd10ee475703e9bbf30f",
        "is_verified": false,
        "line_number": 950,
        "is_secret": false
      },
      {
        "type": "Hex High Entropy String",
        "filename": "tests/unit/test_task_ledger.py",
        "hashed_secret": "be92c02889326112ee93dbf25085a5f6141618d8",
        "is_verified": false,
        "line_number": 953,
        "is_secret": false
      },
      {
        "type": "Hex High Entropy String",
        "filename": "tests/unit/test_task_ledger.py",
        "hashed_secret": "fee48e190e18b8d1c679236566f36d5c1c88c2d5",
        "is_verified": false,
        "line_number": 954,
        "is_secret": false
      },
      {
        "type": "Hex High Entropy String",
        "filename": "tests/unit/test_task_ledger.py",
        "hashed_secret": "a2ea3c0212df0edd8c8a5ab15b0c43f8fd2aa517",
        "is_verified": false,
        "line_number": 977,
        "is_secret": false
      },
      {
        "type": "Hex High Entropy String",
        "filename": "tests/unit/test_task_ledger.py",
        "hashed_secret": "27ffdd8f149a6937e1e1b405d12a21b56a87bfec",
        "is_verified": false,
        "line_number": 1012,
        "is_secret": false
      },
      {
        "type": "Hex High Entropy String",
        "filename": "tests/unit/test_task_ledger.py",
        "hashed_secret": "7da7845104267305cdb80170c28d400b583c434e",
        "is_verified": false,
        "line_number": 1014,
        "is_secret": false
      },
      {
        "type": "Hex High Entropy String",
        "filename": "tests/unit/test_task_ledger.py",
        "hashed_secret": "eab65381e62b98ae769435d308be99766c4c19ac",
        "is_verified": false,
        "line_number": 1054,
        "is_secret": false
      },
      {
        "type": "Hex High Entropy String",
        "filename": "tests/unit/test_task_ledger.py",
        "hashed_secret": "1a5ce39a6484750e795e825ae681420e9ea40f41",
        "is_verified": false,
        "line_number": 1056,
        "is_secret": false
      },
      {
        "type": "Hex High Entropy String",
        "filename": "tests/unit/test_task_ledger.py",
        "hashed_secret": "6a115f409d42cdc62d4c0ca1e9d25a6642e711ed",
        "is_verified": false,
        "line_number": 1060,
        "is_secret": false
      },
      {
        "type": "Hex High Entropy String",
        "filename": "tests/unit/test_task_ledger.py",
        "hashed_secret": "6b52633621b4f54ea9a44715449d7bfd49aeafae",
        "is_verified": false,
        "line_number": 1085,
        "is_secret": false
      },
      {
        "type": "Hex High Entropy String",
        "filename": "tests/unit/test_task_ledger.py",
        "hashed_secret": "d93dc8c8f8b2bee9e5abf65e230fa08b805fce1e",
        "is_verified": false,
        "line_number": 1103,
        "is_secret": false
      },
      {
        "type": "Hex High Entropy String",
        "filename": "tests/unit/test_task_ledger.py",
        "hashed_secret": "39b78d9717dc1b62f71370cfd49781d0072ace6a",
        "is_verified": false,
        "line_number": 1113,
        "is_secret": false
      },
      {
        "type": "Hex High Entropy String",
        "filename": "tests/unit/test_task_ledger.py",
        "hashed_secret": "e9756e6c9bf0c8c53da6a6ef7002a8dc17d5f982",
        "is_verified": false,
        "line_number": 1114,
        "is_secret": false
      },
      {
        "type": "Hex High Entropy String",
        "filename": "tests/unit/test_task_ledger.py",
        "hashed_secret": "e71e679ff9d0f994fff3427ec29c62344a0950e4",
        "is_verified": false,
        "line_number": 1117,
        "is_secret": false
      },
      {
        "type": "Hex High Entropy String",
        "filename": "tests/unit/test_task_ledger.py",
        "hashed_secret": "2d1f589a36e1bade81b9d68ba5165ab7301fc93e",
        "is_verified": false,
        "line_number": 1124,
        "is_secret": false
      },
      {
        "type": "Hex High Entropy String",
        "filename": "tests/unit/test_task_ledger.py",
        "hashed_secret": "df3807cad01518712418bbe37b9308f3b89b1dbe",
        "is_verified": false,
        "line_number": 1146,
        "is_secret": false
      },
      {
        "type": "Hex High Entropy String",
        "filename": "tests/unit/test_task_ledger.py",
        "hashed_secret": "d611fbbe61ca11ea2a4da27cefa334cec5dbc8c5",
        "is_verified": false,
        "line_number": 1147,
        "is_secret": false
      },
      {
        "type": "Hex High Entropy String",
        "filename": "tests/unit/test_task_ledger.py",
        "hashed_secret": "69cc2fcc5e4ac9bd83a1023aa6c72bcf43857266",
        "is_verified": false,
        "line_number": 1148,
        "is_secret": false
      },
      {
        "type": "Hex High Entropy String",
        "filename": "tests/unit/test_task_ledger.py",
        "hashed_secret": "b54e1a0ae26b3e6fd28ac1885fab679f55cd5f39",
        "is_verified": false,
        "line_number": 1151,
        "is_secret": false
      },
      {
        "type": "Hex High Entropy String",
        "filename": "tests/unit/test_task_ledger.py",
        "hashed_secret": "855a7f25374ed62a8e5376af9c3f3f714e0a75e0",
        "is_verified": false,
        "line_number": 1153,
        "is_secret": false
      },
      {
        "type": "Hex High Entropy String",
        "filename": "tests/unit/test_task_ledger.py",
        "hashed_secret": "579a681fed6536a0e83b6b3ed0e9f9266f89bdcc",
        "is_verified": false,
        "line_number": 1159,
        "is_secret": false
      },
      {
        "type": "Hex High Entropy String",
        "filename": "tests/unit/test_task_ledger.py",
        "hashed_secret": "fd3d93372ac5a6552b4415760ffef5f81a56535d",
        "is_verified": false,
        "line_number": 1177,
        "is_secret": false
      },
      {
        "type": "Hex High Entropy String",
        "filename": "tests/unit/test_task_ledger.py",
        "hashed_secret": "8797b912449fb45cd1056dfd30b8184066a56325",
        "is_verified": false,
        "line_number": 1183,
        "is_secret": false
      },
      {
        "type": "Hex High Entropy String",
        "filename": "tests/unit/test_task_ledger.py",
        "hashed_secret": "fa74f13b63d7e0e33489fb7c464e20b84d90a61b",
        "is_verified": false,
        "line_number": 1188,
        "is_secret": false
      },
      {
        "type": "Hex High Entropy String",
        "filename": "tests/unit/test_task_ledger.py",
        "hashed_secret": "6d6b5637c75fdd725de3909374ba26f997c13ada",
        "is_verified": false,
        "line_number": 1190,
        "is_secret": false
      },
      {
        "type": "Hex High Entropy String",
        "filename": "tests/unit/test_task_ledger.py",
        "hashed_secret": "125a0baf45053c52e4481c699281c4f415e71e81",
        "is_verified": false,
        "line_number": 1192,
        "is_secret": false
      },
      {
        "type": "Hex High Entropy String",
        "filename": "tests/unit/test_task_ledger.py",
        "hashed_secret": "464c5a25205730fc731471b0dadd555fe340c698",
        "is_verified": false,
        "line_number": 1195,
        "is_secret": false
      },
      {
        "type": "Hex High Entropy String",
        "filename": "tests/unit/test_task_ledger.py",
        "hashed_secret": "d41bad0004a49eabc2047b9c8445de55c8ca5b6b",
        "is_verified": false,
        "line_number": 1210,
        "is_secret": false
      },
      {
        "type": "Hex High Entropy String",
        "filename": "tests/unit/test_task_ledger.py",
        "hashed_secret": "234382cb3e84873bb67d01f03971f39124bc1c42",
        "is_verified": false,
        "line_number": 1215,
        "is_secret": false
      },
      {
        "type": "Hex High Entropy String",
        "filename": "tests/unit/test_task_ledger.py",
        "hashed_secret": "65eb9027ba69e15aec23330c45f31ee786668012",
        "is_verified": false,
        "line_number": 1220,
        "is_secret": false
      },
      {
        "type": "Hex High Entropy String",
        "filename": "tests/unit/test_task_ledger.py",
        "hashed_secret": "9fb3e82369b8f37dcb174f68eddd256d815d1d0a",
        "is_verified": false,
        "line_number": 1222,
        "is_secret": false
      },
      {
        "type": "Hex High Entropy String",
        "filename": "tests/unit/test_task_ledger.py",
        "hashed_secret": "93dace54a4d30a5eb6ba850ec43fc2aa7f647364",
        "is_verified": false,
        "line_number": 1226,
        "is_secret": false
      },
      {
        "type": "Hex High Entropy String",
        "filename": "tests/unit/test_task_ledger.py",
        "hashed_secret": "eb439ffac858de5c6faf0426038aad67598b5962",
        "is_verified": false,
        "line_number": 1238,
        "is_secret": false
      },
      {
        "type": "Hex High Entropy String",
        "filename": "tests/unit/test_task_ledger.py",
        "hashed_secret": "c64a3bf30b026247cadb7bbebbb1bddbe83bc9cf",
        "is_verified": false,
        "line_number": 1239,
        "is_secret": false
      },
      {
        "type": "Hex High Entropy String",
        "filename": "tests/unit/test_task_ledger.py",
        "hashed_secret": "e8a94ead34bf35543063fdcc93e43fafdff64cf2",
        "is_verified": false,
        "line_number": 1251,
        "is_secret": false
      },
      {
        "type": "Hex High Entropy String",
        "filename": "tests/unit/test_task_ledger.py",
        "hashed_secret": "c152a165e2033f683df1ddd6db17b3647fa50f7d",
        "is_verified": false,
        "line_number": 1253,
        "is_secret": false
      },
      {
        "type": "Hex High Entropy String",
        "filename": "tests/unit/test_task_ledger.py",
        "hashed_secret": "6bca9217f2c4e20f4db98c2fca17a06b1e6aea8b",
        "is_verified": false,
        "line_number": 1257,
        "is_secret": false
      },
      {
        "type": "Hex High Entropy String",
        "filename": "tests/unit/test_task_ledger.py",
        "hashed_secret": "68e366fc69305854c90d5083b49626284f47ef15",
        "is_verified": false,
        "line_number": 1270,
        "is_secret": false
      },
      {
        "type": "Hex High Entropy String",
        "filename": "tests/unit/test_task_ledger.py",
        "hashed_secret": "029140212863af2a782f788ac255cee97ec34d28",
        "is_verified": false,
        "line_number": 1277,
        "is_secret": false
      },
      {
        "type": "Hex High Entropy String",
        "filename": "tests/unit/test_task_ledger.py",
        "hashed_secret": "e472e1bd30226a515898f9a46f278d4d9dd6c9cf",
        "is_verified": false,
        "line_number": 1284,
        "is_secret": false
      },
      {
        "type": "Hex High Entropy String",
        "filename": "tests/unit/test_task_ledger.py",
        "hashed_secret": "049013d59425cb1d6df0f1df97c1ebcc41c06072",
        "is_verified": false,
        "line_number": 1286,
        "is_secret": false
      },
      {
        "type": "Hex High Entropy String",
        "filename": "tests/unit/test_task_ledger.py",
        "hashed_secret": "7331082b5e5d6fb5b46ccec4cb3c42ba765fe24b",
        "is_verified": false,
        "line_number": 1290,
        "is_secret": false
      },
      {
        "type": "Hex High Entropy String",
        "filename": "tests/unit/test_task_ledger.py",
        "hashed_secret": "1c23dbc9f817be4cc799f700e9c21e4a058d81eb",
        "is_verified": false,
        "line_number": 1302,
        "is_secret": false
      },
      {
        "type": "Hex High Entropy String",
        "filename": "tests/unit/test_task_ledger.py",
        "hashed_secret": "1ebbdccef04aa3717d2b836af91b440c50161b1b",
        "is_verified": false,
        "line_number": 1303,
        "is_secret": false
      },
      {
        "type": "Hex High Entropy String",
        "filename": "tests/unit/test_task_ledger.py",
        "hashed_secret": "426d6e7757e0c1e31da0cbace4e9d80bc982ecc3",
        "is_verified": false,
        "line_number": 1310,
        "is_secret": false
      },
      {
        "type": "Hex High Entropy String",
        "filename": "tests/unit/test_task_ledger.py",
        "hashed_secret": "5d0e6a036209fb9ff070b75e0a84aeb76857a31a",
        "is_verified": false,
        "line_number": 1311,
        "is_secret": false
      },
      {
        "type": "Hex High Entropy String",
        "filename": "tests/unit/test_task_ledger.py",
        "hashed_secret": "b7a37141fa530178557dc05b77a2d0b27008a00b",
        "is_verified": false,
        "line_number": 1317,
        "is_secret": false
      },
      {
        "type": "Hex High Entropy String",
        "filename": "tests/unit/test_task_ledger.py",
        "hashed_secret": "882ca304f813d2699c369f88fad7e50133c53cee",
        "is_verified": false,
        "line_number": 1319,
        "is_secret": false
      },
      {
        "type": "Hex High Entropy String",
        "filename": "tests/unit/test_task_ledger.py",
        "hashed_secret": "638f6738ccc37a1ef4f1cde92ccb13d4f20978eb",
        "is_verified": false,
        "line_number": 1323,
        "is_secret": false
      },
      {
        "type": "Hex High Entropy String",
        "filename": "tests/unit/test_task_ledger.py",
        "hashed_secret": "0df1e96655f3dd50be1adfb4e6b67f69727c2bcc",
        "is_verified": false,
        "line_number": 1349,
        "is_secret": false
      },
      {
        "type": "Hex High Entropy String",
        "filename": "tests/unit/test_task_ledger.py",
        "hashed_secret": "0d6dc6b4db005538e4c62681857f930e310b925d",
        "is_verified": false,
        "line_number": 1359,
        "is_secret": false
      },
      {
        "type": "Hex High Entropy String",
        "filename": "tests/unit/test_task_ledger.py",
        "hashed_secret": "8b680adbe8ff469d6e0777bbf95931cf231d5792",
        "is_verified": false,
        "line_number": 1368,
        "is_secret": false
      },
      {
        "type": "Hex High Entropy String",
        "filename": "tests/unit/test_task_ledger.py",
        "hashed_secret": "3a49ebbe26a49837d416a1786169d09b26a07354",
        "is_verified": false,
        "line_number": 1370,
        "is_secret": false
      },
      {
        "type": "Hex High Entropy String",
        "filename": "tests/unit/test_task_ledger.py",
        "hashed_secret": "247254917e57dd0ccf4a7648441ae054ed943965",
        "is_verified": false,
        "line_number": 1373,
        "is_secret": false
      },
      {
        "type": "Hex High Entropy String",
        "filename": "tests/unit/test_task_ledger.py",
        "hashed_secret": "c94e434da5f7332c19fa467739208685a993e99a",
        "is_verified": false,
        "line_number": 1413,
        "is_secret": false
      },
      {
        "type": "Hex High Entropy String",
        "filename": "tests/unit/test_task_ledger.py",
        "hashed_secret": "74323a18060fef5b59ed6e8dccf6e3128f064785",
        "is_verified": false,
        "line_number": 1455,
        "is_secret": false
      }
    ],
    "tests/unit/test_terminal_adapter.py": [
      {
        "type": "Secret Keyword",
        "filename": "tests/unit/test_terminal_adapter.py",
        "hashed_secret": "51f10f2f8482ed1501f1f00a65fc0a231166dd2b",
        "is_verified": false,
        "line_number": 289,
        "is_secret": false
      }
    ]
  },
  "generated_at": "2026-08-18T00:02:06Z"
}
